Problem with zcba
Problem with dcb
Problem with edc
Problem with fed
Problem with gfe
Problem with hgf
Problem with ihg
Problem with jih
Problem with kji
Problem with lkj
Problem with mlk
Problem with nml
Problem with onm
Problem with pon
Problem with opq
Problem with rqp
Problem with tsr
Problem with uts
Problem with vut
Problem with wvu
Problem with xwv
Problem with yxw
Problem with zyx
Problem with 0134
